// Jest Snapshot v1, https://goo.gl/fbAQLP

exports[`should match non tab snapshot 1`] = `[Function]`;

exports[`should match tab snapshot 1`] = `[Function]`;
